http://www.amazon.com/review/top-reviewers/ref=cm_cr_tr_link_1?ie=UTF8&page=1
http://www.amazon.com/review/top-reviewers/ref=cm_cr_tr_link_2?ie=UTF8&page=2
http://www.amazon.com/review/top-reviewers/ref=cm_cr_tr_link_3?ie=UTF8&page=3
http://www.amazon.com/review/top-reviewers/ref=cm_cr_tr_link_4?ie=UTF8&page=4
http://www.amazon.com/review/top-reviewers/ref=cm_cr_tr_link_5?ie=UTF8&page=5
http://www.amazon.com/review/top-reviewers/ref=cm_cr_tr_link_6?ie=UTF8&page=6
http://www.amazon.com/review/top-reviewers/ref=cm_cr_tr_link_7?ie=UTF8&page=7
http://www.amazon.com/review/top-reviewers/ref=cm_cr_tr_link_8?ie=UTF8&page=8
http://www.amazon.com/review/top-reviewers/ref=cm_cr_tr_link_9?ie=UTF8&page=9
http://www.amazon.com/review/top-reviewers/ref=cm_cr_tr_link_10?ie=UTF8&page=10
http://www.amazon.com/review/top-reviewers/ref=cm_cr_tr_link_11?ie=UTF8&page=11
http://www.amazon.com/review/top-reviewers/ref=cm_cr_tr_link_12?ie=UTF8&page=12
http://www.amazon.com/review/top-reviewers/ref=cm_cr_tr_link_13?ie=UTF8&page=13
http://www.amazon.com/review/top-reviewers/ref=cm_cr_tr_link_14?ie=UTF8&page=14
http://www.amazon.com/review/top-reviewers/ref=cm_cr_tr_link_15?ie=UTF8&page=15
http://www.amazon.com/review/top-reviewers/ref=cm_cr_tr_link_16?ie=UTF8&page=16
http://www.amazon.com/review/top-reviewers/ref=cm_cr_tr_link_17?ie=UTF8&page=17
http://www.amazon.com/review/top-reviewers/ref=cm_cr_tr_link_18?ie=UTF8&page=18
http://www.amazon.com/review/top-reviewers/ref=cm_cr_tr_link_19?ie=UTF8&page=19
http://www.amazon.com/review/top-reviewers/ref=cm_cr_tr_link_20?ie=UTF8&page=20
http://www.amazon.com/review/top-reviewers/ref=cm_cr_tr_link_21?ie=UTF8&page=21
http://www.amazon.com/review/top-reviewers/ref=cm_cr_tr_link_22?ie=UTF8&page=22
http://www.amazon.com/review/top-reviewers/ref=cm_cr_tr_link_23?ie=UTF8&page=23
http://www.amazon.com/review/top-reviewers/ref=cm_cr_tr_link_24?ie=UTF8&page=24
http://www.amazon.com/review/top-reviewers/ref=cm_cr_tr_link_25?ie=UTF8&page=25
http://www.amazon.com/review/top-reviewers/ref=cm_cr_tr_link_26?ie=UTF8&page=26
http://www.amazon.com/review/top-reviewers/ref=cm_cr_tr_link_27?ie=UTF8&page=27
http://www.amazon.com/review/top-reviewers/ref=cm_cr_tr_link_28?ie=UTF8&page=28
http://www.amazon.com/review/top-reviewers/ref=cm_cr_tr_link_29?ie=UTF8&page=29
http://www.amazon.com/review/top-reviewers/ref=cm_cr_tr_link_30?ie=UTF8&page=30
http://www.amazon.com/review/top-reviewers/ref=cm_cr_tr_link_31?ie=UTF8&page=31
http://www.amazon.com/review/top-reviewers/ref=cm_cr_tr_link_32?ie=UTF8&page=32
http://www.amazon.com/review/top-reviewers/ref=cm_cr_tr_link_33?ie=UTF8&page=33
http://www.amazon.com/review/top-reviewers/ref=cm_cr_tr_link_34?ie=UTF8&page=34
http://www.amazon.com/review/top-reviewers/ref=cm_cr_tr_link_35?ie=UTF8&page=35
http://www.amazon.com/review/top-reviewers/ref=cm_cr_tr_link_36?ie=UTF8&page=36
http://www.amazon.com/review/top-reviewers/ref=cm_cr_tr_link_37?ie=UTF8&page=37
http://www.amazon.com/review/top-reviewers/ref=cm_cr_tr_link_38?ie=UTF8&page=38
http://www.amazon.com/review/top-reviewers/ref=cm_cr_tr_link_39?ie=UTF8&page=39
http://www.amazon.com/review/top-reviewers/ref=cm_cr_tr_link_40?ie=UTF8&page=40
http://www.amazon.com/review/top-reviewers/ref=cm_cr_tr_link_41?ie=UTF8&page=41
http://www.amazon.com/review/top-reviewers/ref=cm_cr_tr_link_42?ie=UTF8&page=42
http://www.amazon.com/review/top-reviewers/ref=cm_cr_tr_link_43?ie=UTF8&page=43
http://www.amazon.com/review/top-reviewers/ref=cm_cr_tr_link_44?ie=UTF8&page=44
http://www.amazon.com/review/top-reviewers/ref=cm_cr_tr_link_45?ie=UTF8&page=45
http://www.amazon.com/review/top-reviewers/ref=cm_cr_tr_link_46?ie=UTF8&page=46
http://www.amazon.com/review/top-reviewers/ref=cm_cr_tr_link_47?ie=UTF8&page=47
http://www.amazon.com/review/top-reviewers/ref=cm_cr_tr_link_48?ie=UTF8&page=48
http://www.amazon.com/review/top-reviewers/ref=cm_cr_tr_link_49?ie=UTF8&page=49
http://www.amazon.com/review/top-reviewers/ref=cm_cr_tr_link_50?ie=UTF8&page=50
http://www.amazon.com/review/top-reviewers/ref=cm_cr_tr_link_51?ie=UTF8&page=51
http://www.amazon.com/review/top-reviewers/ref=cm_cr_tr_link_52?ie=UTF8&page=52
http://www.amazon.com/review/top-reviewers/ref=cm_cr_tr_link_53?ie=UTF8&page=53
http://www.amazon.com/review/top-reviewers/ref=cm_cr_tr_link_54?ie=UTF8&page=54
http://www.amazon.com/review/top-reviewers/ref=cm_cr_tr_link_55?ie=UTF8&page=55
http://www.amazon.com/review/top-reviewers/ref=cm_cr_tr_link_56?ie=UTF8&page=56
http://www.amazon.com/review/top-reviewers/ref=cm_cr_tr_link_57?ie=UTF8&page=57
http://www.amazon.com/review/top-reviewers/ref=cm_cr_tr_link_58?ie=UTF8&page=58
http://www.amazon.com/review/top-reviewers/ref=cm_cr_tr_link_59?ie=UTF8&page=59
http://www.amazon.com/review/top-reviewers/ref=cm_cr_tr_link_60?ie=UTF8&page=60
http://www.amazon.com/review/top-reviewers/ref=cm_cr_tr_link_61?ie=UTF8&page=61
http://www.amazon.com/review/top-reviewers/ref=cm_cr_tr_link_62?ie=UTF8&page=62
http://www.amazon.com/review/top-reviewers/ref=cm_cr_tr_link_63?ie=UTF8&page=63
http://www.amazon.com/review/top-reviewers/ref=cm_cr_tr_link_64?ie=UTF8&page=64
http://www.amazon.com/review/top-reviewers/ref=cm_cr_tr_link_65?ie=UTF8&page=65
http://www.amazon.com/review/top-reviewers/ref=cm_cr_tr_link_66?ie=UTF8&page=66
http://www.amazon.com/review/top-reviewers/ref=cm_cr_tr_link_67?ie=UTF8&page=67
http://www.amazon.com/review/top-reviewers/ref=cm_cr_tr_link_68?ie=UTF8&page=68
http://www.amazon.com/review/top-reviewers/ref=cm_cr_tr_link_69?ie=UTF8&page=69
http://www.amazon.com/review/top-reviewers/ref=cm_cr_tr_link_70?ie=UTF8&page=70
http://www.amazon.com/review/top-reviewers/ref=cm_cr_tr_link_71?ie=UTF8&page=71
http://www.amazon.com/review/top-reviewers/ref=cm_cr_tr_link_72?ie=UTF8&page=72
http://www.amazon.com/review/top-reviewers/ref=cm_cr_tr_link_73?ie=UTF8&page=73
http://www.amazon.com/review/top-reviewers/ref=cm_cr_tr_link_74?ie=UTF8&page=74
http://www.amazon.com/review/top-reviewers/ref=cm_cr_tr_link_75?ie=UTF8&page=75
http://www.amazon.com/review/top-reviewers/ref=cm_cr_tr_link_76?ie=UTF8&page=76
http://www.amazon.com/review/top-reviewers/ref=cm_cr_tr_link_77?ie=UTF8&page=77
http://www.amazon.com/review/top-reviewers/ref=cm_cr_tr_link_78?ie=UTF8&page=78
http://www.amazon.com/review/top-reviewers/ref=cm_cr_tr_link_79?ie=UTF8&page=79
http://www.amazon.com/review/top-reviewers/ref=cm_cr_tr_link_80?ie=UTF8&page=80
http://www.amazon.com/review/top-reviewers/ref=cm_cr_tr_link_81?ie=UTF8&page=81
http://www.amazon.com/review/top-reviewers/ref=cm_cr_tr_link_82?ie=UTF8&page=82
http://www.amazon.com/review/top-reviewers/ref=cm_cr_tr_link_83?ie=UTF8&page=83
http://www.amazon.com/review/top-reviewers/ref=cm_cr_tr_link_84?ie=UTF8&page=84
http://www.amazon.com/review/top-reviewers/ref=cm_cr_tr_link_85?ie=UTF8&page=85
http://www.amazon.com/review/top-reviewers/ref=cm_cr_tr_link_86?ie=UTF8&page=86
http://www.amazon.com/review/top-reviewers/ref=cm_cr_tr_link_87?ie=UTF8&page=87
http://www.amazon.com/review/top-reviewers/ref=cm_cr_tr_link_88?ie=UTF8&page=88
http://www.amazon.com/review/top-reviewers/ref=cm_cr_tr_link_89?ie=UTF8&page=89
http://www.amazon.com/review/top-reviewers/ref=cm_cr_tr_link_90?ie=UTF8&page=90
http://www.amazon.com/review/top-reviewers/ref=cm_cr_tr_link_91?ie=UTF8&page=91
http://www.amazon.com/review/top-reviewers/ref=cm_cr_tr_link_92?ie=UTF8&page=92
http://www.amazon.com/review/top-reviewers/ref=cm_cr_tr_link_93?ie=UTF8&page=93
http://www.amazon.com/review/top-reviewers/ref=cm_cr_tr_link_94?ie=UTF8&page=94
http://www.amazon.com/review/top-reviewers/ref=cm_cr_tr_link_95?ie=UTF8&page=95
http://www.amazon.com/review/top-reviewers/ref=cm_cr_tr_link_96?ie=UTF8&page=96
http://www.amazon.com/review/top-reviewers/ref=cm_cr_tr_link_97?ie=UTF8&page=97
http://www.amazon.com/review/top-reviewers/ref=cm_cr_tr_link_98?ie=UTF8&page=98
http://www.amazon.com/review/top-reviewers/ref=cm_cr_tr_link_99?ie=UTF8&page=99
http://www.amazon.com/review/top-reviewers/ref=cm_cr_tr_link_100?ie=UTF8&page=100
http://www.amazon.com/review/top-reviewers/ref=cm_cr_tr_link_101?ie=UTF8&page=101
http://www.amazon.com/review/top-reviewers/ref=cm_cr_tr_link_102?ie=UTF8&page=102
http://www.amazon.com/review/top-reviewers/ref=cm_cr_tr_link_103?ie=UTF8&page=103
http://www.amazon.com/review/top-reviewers/ref=cm_cr_tr_link_104?ie=UTF8&page=104
http://www.amazon.com/review/top-reviewers/ref=cm_cr_tr_link_105?ie=UTF8&page=105
http://www.amazon.com/review/top-reviewers/ref=cm_cr_tr_link_106?ie=UTF8&page=106
http://www.amazon.com/review/top-reviewers/ref=cm_cr_tr_link_107?ie=UTF8&page=107
http://www.amazon.com/review/top-reviewers/ref=cm_cr_tr_link_108?ie=UTF8&page=108
http://www.amazon.com/review/top-reviewers/ref=cm_cr_tr_link_109?ie=UTF8&page=109
http://www.amazon.com/review/top-reviewers/ref=cm_cr_tr_link_110?ie=UTF8&page=110
http://www.amazon.com/review/top-reviewers/ref=cm_cr_tr_link_111?ie=UTF8&page=111
http://www.amazon.com/review/top-reviewers/ref=cm_cr_tr_link_112?ie=UTF8&page=112
http://www.amazon.com/review/top-reviewers/ref=cm_cr_tr_link_113?ie=UTF8&page=113
http://www.amazon.com/review/top-reviewers/ref=cm_cr_tr_link_114?ie=UTF8&page=114
http://www.amazon.com/review/top-reviewers/ref=cm_cr_tr_link_115?ie=UTF8&page=115
http://www.amazon.com/review/top-reviewers/ref=cm_cr_tr_link_116?ie=UTF8&page=116
http://www.amazon.com/review/top-reviewers/ref=cm_cr_tr_link_117?ie=UTF8&page=117
http://www.amazon.com/review/top-reviewers/ref=cm_cr_tr_link_118?ie=UTF8&page=118
http://www.amazon.com/review/top-reviewers/ref=cm_cr_tr_link_119?ie=UTF8&page=119
http://www.amazon.com/review/top-reviewers/ref=cm_cr_tr_link_120?ie=UTF8&page=120
http://www.amazon.com/review/top-reviewers/ref=cm_cr_tr_link_121?ie=UTF8&page=121
http://www.amazon.com/review/top-reviewers/ref=cm_cr_tr_link_122?ie=UTF8&page=122
http://www.amazon.com/review/top-reviewers/ref=cm_cr_tr_link_123?ie=UTF8&page=123
http://www.amazon.com/review/top-reviewers/ref=cm_cr_tr_link_124?ie=UTF8&page=124
http://www.amazon.com/review/top-reviewers/ref=cm_cr_tr_link_125?ie=UTF8&page=125
http://www.amazon.com/review/top-reviewers/ref=cm_cr_tr_link_126?ie=UTF8&page=126
http://www.amazon.com/review/top-reviewers/ref=cm_cr_tr_link_127?ie=UTF8&page=127
http://www.amazon.com/review/top-reviewers/ref=cm_cr_tr_link_128?ie=UTF8&page=128
http://www.amazon.com/review/top-reviewers/ref=cm_cr_tr_link_129?ie=UTF8&page=129
http://www.amazon.com/review/top-reviewers/ref=cm_cr_tr_link_130?ie=UTF8&page=130
http://www.amazon.com/review/top-reviewers/ref=cm_cr_tr_link_131?ie=UTF8&page=131
http://www.amazon.com/review/top-reviewers/ref=cm_cr_tr_link_132?ie=UTF8&page=132
http://www.amazon.com/review/top-reviewers/ref=cm_cr_tr_link_133?ie=UTF8&page=133
http://www.amazon.com/review/top-reviewers/ref=cm_cr_tr_link_134?ie=UTF8&page=134
http://www.amazon.com/review/top-reviewers/ref=cm_cr_tr_link_135?ie=UTF8&page=135
http://www.amazon.com/review/top-reviewers/ref=cm_cr_tr_link_136?ie=UTF8&page=136
http://www.amazon.com/review/top-reviewers/ref=cm_cr_tr_link_137?ie=UTF8&page=137
http://www.amazon.com/review/top-reviewers/ref=cm_cr_tr_link_138?ie=UTF8&page=138
http://www.amazon.com/review/top-reviewers/ref=cm_cr_tr_link_139?ie=UTF8&page=139
http://www.amazon.com/review/top-reviewers/ref=cm_cr_tr_link_140?ie=UTF8&page=140
http://www.amazon.com/review/top-reviewers/ref=cm_cr_tr_link_141?ie=UTF8&page=141
http://www.amazon.com/review/top-reviewers/ref=cm_cr_tr_link_142?ie=UTF8&page=142
http://www.amazon.com/review/top-reviewers/ref=cm_cr_tr_link_143?ie=UTF8&page=143
http://www.amazon.com/review/top-reviewers/ref=cm_cr_tr_link_144?ie=UTF8&page=144
http://www.amazon.com/review/top-reviewers/ref=cm_cr_tr_link_145?ie=UTF8&page=145
http://www.amazon.com/review/top-reviewers/ref=cm_cr_tr_link_146?ie=UTF8&page=146
http://www.amazon.com/review/top-reviewers/ref=cm_cr_tr_link_147?ie=UTF8&page=147
http://www.amazon.com/review/top-reviewers/ref=cm_cr_tr_link_148?ie=UTF8&page=148
http://www.amazon.com/review/top-reviewers/ref=cm_cr_tr_link_149?ie=UTF8&page=149
http://www.amazon.com/review/top-reviewers/ref=cm_cr_tr_link_150?ie=UTF8&page=150
http://www.amazon.com/review/top-reviewers/ref=cm_cr_tr_link_151?ie=UTF8&page=151
http://www.amazon.com/review/top-reviewers/ref=cm_cr_tr_link_152?ie=UTF8&page=152
http://www.amazon.com/review/top-reviewers/ref=cm_cr_tr_link_153?ie=UTF8&page=153
http://www.amazon.com/review/top-reviewers/ref=cm_cr_tr_link_154?ie=UTF8&page=154
http://www.amazon.com/review/top-reviewers/ref=cm_cr_tr_link_155?ie=UTF8&page=155
http://www.amazon.com/review/top-reviewers/ref=cm_cr_tr_link_156?ie=UTF8&page=156
http://www.amazon.com/review/top-reviewers/ref=cm_cr_tr_link_157?ie=UTF8&page=157
http://www.amazon.com/review/top-reviewers/ref=cm_cr_tr_link_158?ie=UTF8&page=158
http://www.amazon.com/review/top-reviewers/ref=cm_cr_tr_link_159?ie=UTF8&page=159
http://www.amazon.com/review/top-reviewers/ref=cm_cr_tr_link_160?ie=UTF8&page=160
http://www.amazon.com/review/top-reviewers/ref=cm_cr_tr_link_161?ie=UTF8&page=161
http://www.amazon.com/review/top-reviewers/ref=cm_cr_tr_link_162?ie=UTF8&page=162
http://www.amazon.com/review/top-reviewers/ref=cm_cr_tr_link_163?ie=UTF8&page=163
http://www.amazon.com/review/top-reviewers/ref=cm_cr_tr_link_164?ie=UTF8&page=164
http://www.amazon.com/review/top-reviewers/ref=cm_cr_tr_link_165?ie=UTF8&page=165
http://www.amazon.com/review/top-reviewers/ref=cm_cr_tr_link_166?ie=UTF8&page=166
http://www.amazon.com/review/top-reviewers/ref=cm_cr_tr_link_167?ie=UTF8&page=167
http://www.amazon.com/review/top-reviewers/ref=cm_cr_tr_link_168?ie=UTF8&page=168
http://www.amazon.com/review/top-reviewers/ref=cm_cr_tr_link_169?ie=UTF8&page=169
http://www.amazon.com/review/top-reviewers/ref=cm_cr_tr_link_170?ie=UTF8&page=170
http://www.amazon.com/review/top-reviewers/ref=cm_cr_tr_link_171?ie=UTF8&page=171
http://www.amazon.com/review/top-reviewers/ref=cm_cr_tr_link_172?ie=UTF8&page=172
http://www.amazon.com/review/top-reviewers/ref=cm_cr_tr_link_173?ie=UTF8&page=173
http://www.amazon.com/review/top-reviewers/ref=cm_cr_tr_link_174?ie=UTF8&page=174
http://www.amazon.com/review/top-reviewers/ref=cm_cr_tr_link_175?ie=UTF8&page=175
http://www.amazon.com/review/top-reviewers/ref=cm_cr_tr_link_176?ie=UTF8&page=176
http://www.amazon.com/review/top-reviewers/ref=cm_cr_tr_link_177?ie=UTF8&page=177
http://www.amazon.com/review/top-reviewers/ref=cm_cr_tr_link_178?ie=UTF8&page=178
http://www.amazon.com/review/top-reviewers/ref=cm_cr_tr_link_179?ie=UTF8&page=179
http://www.amazon.com/review/top-reviewers/ref=cm_cr_tr_link_180?ie=UTF8&page=180
http://www.amazon.com/review/top-reviewers/ref=cm_cr_tr_link_181?ie=UTF8&page=181
http://www.amazon.com/review/top-reviewers/ref=cm_cr_tr_link_182?ie=UTF8&page=182
http://www.amazon.com/review/top-reviewers/ref=cm_cr_tr_link_183?ie=UTF8&page=183
http://www.amazon.com/review/top-reviewers/ref=cm_cr_tr_link_184?ie=UTF8&page=184
http://www.amazon.com/review/top-reviewers/ref=cm_cr_tr_link_185?ie=UTF8&page=185
http://www.amazon.com/review/top-reviewers/ref=cm_cr_tr_link_186?ie=UTF8&page=186
http://www.amazon.com/review/top-reviewers/ref=cm_cr_tr_link_187?ie=UTF8&page=187
http://www.amazon.com/review/top-reviewers/ref=cm_cr_tr_link_188?ie=UTF8&page=188
http://www.amazon.com/review/top-reviewers/ref=cm_cr_tr_link_189?ie=UTF8&page=189
http://www.amazon.com/review/top-reviewers/ref=cm_cr_tr_link_190?ie=UTF8&page=190
http://www.amazon.com/review/top-reviewers/ref=cm_cr_tr_link_191?ie=UTF8&page=191
http://www.amazon.com/review/top-reviewers/ref=cm_cr_tr_link_192?ie=UTF8&page=192
http://www.amazon.com/review/top-reviewers/ref=cm_cr_tr_link_193?ie=UTF8&page=193
http://www.amazon.com/review/top-reviewers/ref=cm_cr_tr_link_194?ie=UTF8&page=194
http://www.amazon.com/review/top-reviewers/ref=cm_cr_tr_link_195?ie=UTF8&page=195
http://www.amazon.com/review/top-reviewers/ref=cm_cr_tr_link_196?ie=UTF8&page=196
http://www.amazon.com/review/top-reviewers/ref=cm_cr_tr_link_197?ie=UTF8&page=197
http://www.amazon.com/review/top-reviewers/ref=cm_cr_tr_link_198?ie=UTF8&page=198
http://www.amazon.com/review/top-reviewers/ref=cm_cr_tr_link_199?ie=UTF8&page=199
http://www.amazon.com/review/top-reviewers/ref=cm_cr_tr_link_200?ie=UTF8&page=200
http://www.amazon.com/review/top-reviewers/ref=cm_cr_tr_link_201?ie=UTF8&page=201
http://www.amazon.com/review/top-reviewers/ref=cm_cr_tr_link_202?ie=UTF8&page=202
http://www.amazon.com/review/top-reviewers/ref=cm_cr_tr_link_203?ie=UTF8&page=203
http://www.amazon.com/review/top-reviewers/ref=cm_cr_tr_link_204?ie=UTF8&page=204
http://www.amazon.com/review/top-reviewers/ref=cm_cr_tr_link_205?ie=UTF8&page=205
http://www.amazon.com/review/top-reviewers/ref=cm_cr_tr_link_206?ie=UTF8&page=206
http://www.amazon.com/review/top-reviewers/ref=cm_cr_tr_link_207?ie=UTF8&page=207
http://www.amazon.com/review/top-reviewers/ref=cm_cr_tr_link_208?ie=UTF8&page=208
http://www.amazon.com/review/top-reviewers/ref=cm_cr_tr_link_209?ie=UTF8&page=209
http://www.amazon.com/review/top-reviewers/ref=cm_cr_tr_link_210?ie=UTF8&page=210
http://www.amazon.com/review/top-reviewers/ref=cm_cr_tr_link_211?ie=UTF8&page=211
http://www.amazon.com/review/top-reviewers/ref=cm_cr_tr_link_212?ie=UTF8&page=212
http://www.amazon.com/review/top-reviewers/ref=cm_cr_tr_link_213?ie=UTF8&page=213
http://www.amazon.com/review/top-reviewers/ref=cm_cr_tr_link_214?ie=UTF8&page=214
http://www.amazon.com/review/top-reviewers/ref=cm_cr_tr_link_215?ie=UTF8&page=215
http://www.amazon.com/review/top-reviewers/ref=cm_cr_tr_link_216?ie=UTF8&page=216
http://www.amazon.com/review/top-reviewers/ref=cm_cr_tr_link_217?ie=UTF8&page=217
http://www.amazon.com/review/top-reviewers/ref=cm_cr_tr_link_218?ie=UTF8&page=218
http://www.amazon.com/review/top-reviewers/ref=cm_cr_tr_link_219?ie=UTF8&page=219
http://www.amazon.com/review/top-reviewers/ref=cm_cr_tr_link_220?ie=UTF8&page=220
http://www.amazon.com/review/top-reviewers/ref=cm_cr_tr_link_221?ie=UTF8&page=221
http://www.amazon.com/review/top-reviewers/ref=cm_cr_tr_link_222?ie=UTF8&page=222
http://www.amazon.com/review/top-reviewers/ref=cm_cr_tr_link_223?ie=UTF8&page=223
http://www.amazon.com/review/top-reviewers/ref=cm_cr_tr_link_224?ie=UTF8&page=224
http://www.amazon.com/review/top-reviewers/ref=cm_cr_tr_link_225?ie=UTF8&page=225
http://www.amazon.com/review/top-reviewers/ref=cm_cr_tr_link_226?ie=UTF8&page=226
http://www.amazon.com/review/top-reviewers/ref=cm_cr_tr_link_227?ie=UTF8&page=227
http://www.amazon.com/review/top-reviewers/ref=cm_cr_tr_link_228?ie=UTF8&page=228
http://www.amazon.com/review/top-reviewers/ref=cm_cr_tr_link_229?ie=UTF8&page=229
http://www.amazon.com/review/top-reviewers/ref=cm_cr_tr_link_230?ie=UTF8&page=230
http://www.amazon.com/review/top-reviewers/ref=cm_cr_tr_link_231?ie=UTF8&page=231
http://www.amazon.com/review/top-reviewers/ref=cm_cr_tr_link_232?ie=UTF8&page=232
http://www.amazon.com/review/top-reviewers/ref=cm_cr_tr_link_233?ie=UTF8&page=233
http://www.amazon.com/review/top-reviewers/ref=cm_cr_tr_link_234?ie=UTF8&page=234
http://www.amazon.com/review/top-reviewers/ref=cm_cr_tr_link_235?ie=UTF8&page=235
http://www.amazon.com/review/top-reviewers/ref=cm_cr_tr_link_236?ie=UTF8&page=236
http://www.amazon.com/review/top-reviewers/ref=cm_cr_tr_link_237?ie=UTF8&page=237
http://www.amazon.com/review/top-reviewers/ref=cm_cr_tr_link_238?ie=UTF8&page=238
http://www.amazon.com/review/top-reviewers/ref=cm_cr_tr_link_239?ie=UTF8&page=239
http://www.amazon.com/review/top-reviewers/ref=cm_cr_tr_link_240?ie=UTF8&page=240
http://www.amazon.com/review/top-reviewers/ref=cm_cr_tr_link_241?ie=UTF8&page=241
http://www.amazon.com/review/top-reviewers/ref=cm_cr_tr_link_242?ie=UTF8&page=242
http://www.amazon.com/review/top-reviewers/ref=cm_cr_tr_link_243?ie=UTF8&page=243
http://www.amazon.com/review/top-reviewers/ref=cm_cr_tr_link_244?ie=UTF8&page=244
http://www.amazon.com/review/top-reviewers/ref=cm_cr_tr_link_245?ie=UTF8&page=245
http://www.amazon.com/review/top-reviewers/ref=cm_cr_tr_link_246?ie=UTF8&page=246
http://www.amazon.com/review/top-reviewers/ref=cm_cr_tr_link_247?ie=UTF8&page=247
http://www.amazon.com/review/top-reviewers/ref=cm_cr_tr_link_248?ie=UTF8&page=248
http://www.amazon.com/review/top-reviewers/ref=cm_cr_tr_link_249?ie=UTF8&page=249
http://www.amazon.com/review/top-reviewers/ref=cm_cr_tr_link_250?ie=UTF8&page=250
http://www.amazon.com/review/top-reviewers/ref=cm_cr_tr_link_251?ie=UTF8&page=251
http://www.amazon.com/review/top-reviewers/ref=cm_cr_tr_link_252?ie=UTF8&page=252
http://www.amazon.com/review/top-reviewers/ref=cm_cr_tr_link_253?ie=UTF8&page=253
http://www.amazon.com/review/top-reviewers/ref=cm_cr_tr_link_254?ie=UTF8&page=254
http://www.amazon.com/review/top-reviewers/ref=cm_cr_tr_link_255?ie=UTF8&page=255
http://www.amazon.com/review/top-reviewers/ref=cm_cr_tr_link_256?ie=UTF8&page=256
http://www.amazon.com/review/top-reviewers/ref=cm_cr_tr_link_257?ie=UTF8&page=257
http://www.amazon.com/review/top-reviewers/ref=cm_cr_tr_link_258?ie=UTF8&page=258
http://www.amazon.com/review/top-reviewers/ref=cm_cr_tr_link_259?ie=UTF8&page=259
http://www.amazon.com/review/top-reviewers/ref=cm_cr_tr_link_260?ie=UTF8&page=260
http://www.amazon.com/review/top-reviewers/ref=cm_cr_tr_link_261?ie=UTF8&page=261
http://www.amazon.com/review/top-reviewers/ref=cm_cr_tr_link_262?ie=UTF8&page=262
http://www.amazon.com/review/top-reviewers/ref=cm_cr_tr_link_263?ie=UTF8&page=263
http://www.amazon.com/review/top-reviewers/ref=cm_cr_tr_link_264?ie=UTF8&page=264
http://www.amazon.com/review/top-reviewers/ref=cm_cr_tr_link_265?ie=UTF8&page=265
http://www.amazon.com/review/top-reviewers/ref=cm_cr_tr_link_266?ie=UTF8&page=266
http://www.amazon.com/review/top-reviewers/ref=cm_cr_tr_link_267?ie=UTF8&page=267
http://www.amazon.com/review/top-reviewers/ref=cm_cr_tr_link_268?ie=UTF8&page=268
http://www.amazon.com/review/top-reviewers/ref=cm_cr_tr_link_269?ie=UTF8&page=269
http://www.amazon.com/review/top-reviewers/ref=cm_cr_tr_link_270?ie=UTF8&page=270
http://www.amazon.com/review/top-reviewers/ref=cm_cr_tr_link_271?ie=UTF8&page=271
http://www.amazon.com/review/top-reviewers/ref=cm_cr_tr_link_272?ie=UTF8&page=272
http://www.amazon.com/review/top-reviewers/ref=cm_cr_tr_link_273?ie=UTF8&page=273
http://www.amazon.com/review/top-reviewers/ref=cm_cr_tr_link_274?ie=UTF8&page=274
http://www.amazon.com/review/top-reviewers/ref=cm_cr_tr_link_275?ie=UTF8&page=275
http://www.amazon.com/review/top-reviewers/ref=cm_cr_tr_link_276?ie=UTF8&page=276
http://www.amazon.com/review/top-reviewers/ref=cm_cr_tr_link_277?ie=UTF8&page=277
http://www.amazon.com/review/top-reviewers/ref=cm_cr_tr_link_278?ie=UTF8&page=278
http://www.amazon.com/review/top-reviewers/ref=cm_cr_tr_link_279?ie=UTF8&page=279
http://www.amazon.com/review/top-reviewers/ref=cm_cr_tr_link_280?ie=UTF8&page=280
http://www.amazon.com/review/top-reviewers/ref=cm_cr_tr_link_281?ie=UTF8&page=281
http://www.amazon.com/review/top-reviewers/ref=cm_cr_tr_link_282?ie=UTF8&page=282
http://www.amazon.com/review/top-reviewers/ref=cm_cr_tr_link_283?ie=UTF8&page=283
http://www.amazon.com/review/top-reviewers/ref=cm_cr_tr_link_284?ie=UTF8&page=284
http://www.amazon.com/review/top-reviewers/ref=cm_cr_tr_link_285?ie=UTF8&page=285
http://www.amazon.com/review/top-reviewers/ref=cm_cr_tr_link_286?ie=UTF8&page=286
http://www.amazon.com/review/top-reviewers/ref=cm_cr_tr_link_287?ie=UTF8&page=287
http://www.amazon.com/review/top-reviewers/ref=cm_cr_tr_link_288?ie=UTF8&page=288
http://www.amazon.com/review/top-reviewers/ref=cm_cr_tr_link_289?ie=UTF8&page=289
http://www.amazon.com/review/top-reviewers/ref=cm_cr_tr_link_290?ie=UTF8&page=290
http://www.amazon.com/review/top-reviewers/ref=cm_cr_tr_link_291?ie=UTF8&page=291
http://www.amazon.com/review/top-reviewers/ref=cm_cr_tr_link_292?ie=UTF8&page=292
http://www.amazon.com/review/top-reviewers/ref=cm_cr_tr_link_293?ie=UTF8&page=293
http://www.amazon.com/review/top-reviewers/ref=cm_cr_tr_link_294?ie=UTF8&page=294
http://www.amazon.com/review/top-reviewers/ref=cm_cr_tr_link_295?ie=UTF8&page=295
http://www.amazon.com/review/top-reviewers/ref=cm_cr_tr_link_296?ie=UTF8&page=296
http://www.amazon.com/review/top-reviewers/ref=cm_cr_tr_link_297?ie=UTF8&page=297
http://www.amazon.com/review/top-reviewers/ref=cm_cr_tr_link_298?ie=UTF8&page=298
http://www.amazon.com/review/top-reviewers/ref=cm_cr_tr_link_299?ie=UTF8&page=299
http://www.amazon.com/review/top-reviewers/ref=cm_cr_tr_link_300?ie=UTF8&page=300
